---
source: crates/jsshaker/tests/mod.rs
expression: do_tree_shake(input)
input_file: crates/jsshaker/tests/fixtures/throw_catch.js
---
export function f1(a) {
	effect1();
	throw effect2(), a;
}
export function f2(a) {
	effect1();
	try {
		throw effect2(), a;
	} catch {
		effect3();
	} finally {
		effect4();
	}
}
export function f3() {
	{
		effect2();
	}
}
export function f4(a) {
	while (a) {
		try {
			effect1();
			break;
		} catch {}
		effect3();
	}
}
