---
source: crates/jsshaker/tests/mod.rs
expression: do_tree_shake(input)
input_file: crates/jsshaker/tests/fixtures/binding_pattern.js
---
export function simple(unknown) {
	effect(1);
	effect(2);
	effect(3);
	effect(4);
	// Destructing unknown has effect
	let { g: { h, i: { j } } } = unknown;
}
export function with_rest(unknown) {
	let { ...rest } = { b: unknown };
	effect(void 0, rest.b, 2);
	let { b,...__unused_56F4 } = unknown;
	let { a: d } = { a: unknown };
	effect(d);
}
