---
source: crates/jsshaker/tests/mod.rs
expression: do_tree_shake(input)
input_file: crates/jsshaker/tests/fixtures/class/basics.js
---
class A {
	static a() {
		return new A();
	}
	get a() {
		return unknown();
	}
}
console.log(1, 10, 12, 21);
const b = A.a();
b.a;
